[Licensing::Module] Trying to connect to existing licensing client channel...
Built from '6000.0/staging' branch; Version is '6000.0.78f1 (ec8a99a872be) revision 15501977'; Using compiler version '193933523'; Build Type 'Release'
[Licensing::IpcConnector] Channel LicenseClient-jslade doesn't exist
OS: 'Windows 11  (10.0.26200) Professional' Language: 'en' Physical Memory: 16102 MB
BatchMode: 1, IsHumanControllingUs: 0, StartBugReporterOnCrash: 0, Is64bit: 1
System  architecture: x64
Process architecture: x64
Date: 2026-07-10T04:27:45Z
[Licensing::Module] Successfully launched the LicensingClient (PId: 30032)

COMMAND LINE ARGUMENTS:
C:\Program Files\Unity\Hub\Editor\6000.0.78f1\Editor\Unity.exe
-batchmode
-nographics
-projectPath
C:\Users\jslade\CyberEyeXR
-buildTarget
Android
-executeMethod
SceneBuilder.BuildMainScene
-logFile
C:\Users\jslade\CyberEyeXR\scene_r7.log
Successfully changed project path to: C:\Users\jslade\CyberEyeXR
C:/Users/jslade/CyberEyeXR
[UnityMemory] Configuration Parameters - Can be set up in boot.config
    "memorysetup-bucket-allocator-granularity=16"
    "memorysetup-bucket-allocator-bucket-count=8"
    "memorysetup-bucket-allocator-block-size=33554432"
    "memorysetup-bucket-allocator-block-count=8"
    "memorysetup-main-allocator-block-size=16777216"
    "memorysetup-thread-allocator-block-size=16777216"
    "memorysetup-gfx-main-allocator-block-size=16777216"
    "memorysetup-gfx-thread-allocator-block-size=16777216"
    "memorysetup-cache-allocator-block-size=4194304"
    "memorysetup-typetree-allocator-block-size=2097152"
    "memorysetup-profiler-bucket-allocator-granularity=16"
    "memorysetup-profiler-bucket-allocator-bucket-count=8"
    "memorysetup-profiler-bucket-allocator-block-size=33554432"
    "memorysetup-profiler-bucket-allocator-block-count=8"
    "memorysetup-profiler-allocator-block-size=16777216"
    "memorysetup-profiler-editor-allocator-block-size=1048576"
    "memorysetup-temp-allocator-size-main=16777216"
    "memorysetup-job-temp-allocator-block-size=2097152"
    "memorysetup-job-temp-allocator-block-size-background=1048576"
    "memorysetup-job-temp-allocator-reduction-small-platforms=262144"
    "memorysetup-allocator-temp-initial-block-size-main=262144"
    "memorysetup-allocator-temp-initial-block-size-worker=262144"
    "memorysetup-temp-allocator-size-background-worker=32768"
    "memorysetup-temp-allocator-size-job-worker=262144"
    "memorysetup-temp-allocator-size-preload-manager=33554432"
    "memorysetup-temp-allocator-size-nav-mesh-worker=65536"
    "memorysetup-temp-allocator-size-audio-worker=65536"
    "memorysetup-temp-allocator-size-cloud-worker=32768"
    "memorysetup-temp-allocator-size-gi-baking-worker=262144"
    "memorysetup-temp-allocator-size-gi-baking-worker=262144"
    "memorysetup-temp-allocator-size-gi-baking-worker=262144"
    "memorysetup-temp-allocator-size-gi-baking-worker=262144"
    "memorysetup-temp-allocator-size-gi-baking-worker=262144"
    "memorysetup-temp-allocator-size-gfx=262144"
Player connection [27420]  Target information:

Player connection [27420]  * "[IP] 172.24.64.1 [Port] 55504 [Flags] 2 [Guid] 1737489036 [EditorId] 1737489036 [Version] 1048832 [Id] WindowsEditor(7,TQS-2021-125) [Debug] 1 [PackageName] WindowsEditor [ProjectName] Editor" 

Player connection [27420]  * "[IP] 192.168.0.148 [Port] 55504 [Flags] 2 [Guid] 1737489036 [EditorId] 1737489036 [Version] 1048832 [Id] WindowsEditor(7,TQS-2021-125) [Debug] 1 [PackageName] WindowsEditor [ProjectName] Editor" 

Player connection [27420] Host joined multi-casting on [225.0.0.222:54997]...
Player connection [27420] Host joined alternative multi-casting on [225.0.0.222:34997]...
Input System module state changed to: Initialized.
[Physics::Module] Initialized fallback backend.
[Physics::Module] Id: 0xdecafbad
Starting IPC server.
[Licensing::IpcConnector] Successfully connected to: "LicenseClient-jslade" at "2026-07-10T04:27:46.3064426Z"
Waiting for clients to connect on \\.\pipe\Unity-LicenseClient-jslade, press Ctrl-C to exit.
[Licensing::Client] Code 10 while verifying Licensing Client signature (process Id: 30032, path: "C:/Program Files/Unity/Hub/Editor/6000.0.78f1/Editor/Data/Resources/Licensing/Client/Unity.Licensing.Client.exe")
[Licensing::Module] LicensingClient has failed validation; ignoring
[Package Manager] Connected to IPC stream "Upm-32352" after 0.6 seconds.
Library Redirect Path: Library/
[Licensing::Client] Handshaking with LicensingClient:
  Version:                 1.17.4+4293ba1
  Session Id:              94234887daa84816b952d696bbe30781
  Correlation Id:          cdf6e941996dc66353134e0959f83998
  External correlation Id: 5771621766146859819
  Machine Id:              vgpeTuSz9tj5SQx7RnjFQDUMD2o=
[Licensing::Module] Successfully connected to LicensingClient on channel: "LicenseClient-jslade" (connect: 0.57s, validation: 0.46s, handshake: 0.14s)
[Licensing::IpcConnector] Successfully connected to: "LicenseClient-jslade-notifications" at "2026-07-10T04:27:46.9092697Z"
[Licensing::Module] Connected to LicensingClient (PId: 30032, launch time: 0.01, total connection time: 1.17s)
[Licensing::Module] Error: Access token is unavailable; failed to update
[Licensing::Client] Successfully resolved entitlement details
[Licensing::Module] License group:
  Id: F4-6PTC-XYSH-39NT-VVEA-XXXX
  Product: Unity Personal
  Type: ULF
  Expiration: Unlimited
[Licensing::Module] License group:
  Id: 20067618038169-UnityPersXXXX
  Product: Unity Personal
  Type: Assigned
  Expiration: Unlimited
[Licensing::Client] Successfully updated license, isAsync: True, time: 0.01
[Licensing::Client] Successfully resolved entitlement details
[Licensing::Module] License group:
  Id: F4-6PTC-XYSH-39NT-VVEA-XXXX
  Product: Unity Personal
  Type: ULF
  Expiration: Unlimited
[Licensing::Module] License group:
  Id: 20067618038169-UnityPersXXXX
  Product: Unity Personal
  Type: Assigned
  Expiration: Unlimited
[Licensing::Module] Licensing Background thread has ended after 1.26s
[Physics::Module] Selected backend.
[Physics::Module] Name: PhysX
[Physics::Module] Id: 0xf2b8ea05
[Physics::Module] SDK Version: 4.1.2
[Physics::Module] Integration Version: 1.0.0
[Physics::Module] Threading Mode: Multi-Threaded
Artifact Garbage Collection - Removed 2 unused hashed content files[Licensing::Client] Successfully resolved entitlement details
[Licensing::Module] License group:
  Id: F4-6PTC-XYSH-39NT-VVEA-XXXX
  Product: Unity Personal
  Type: ULF
  Expiration: Unlimited
[Licensing::Module] License group:
  Id: 20067618038169-UnityPersXXXX
  Product: Unity Personal
  Type: Assigned
  Expiration: Unlimited
Targeting platform: Android
Refreshing native plugins compatible for Editor in 6.52 ms, found 0 plugins.
Preloading 0 native plugins for Editor in 0.00 ms.
Initialize engine version: 6000.0.78f1 (ec8a99a872be)
[Subsystems] Discovering subsystems at path C:/Program Files/Unity/Hub/Editor/6000.0.78f1/Editor/Data/Resources/UnitySubsystems
[Subsystems] Discovering subsystems at path C:/Users/jslade/CyberEyeXR/Assets
Forcing GfxDevice: Null
GfxDevice: creating device client; kGfxThreadingModeNonThreaded
NullGfxDevice:
    Version:  NULL 1.0 [1.0]
    Renderer: Null Device
    Vendor:   Unity Technologies
Shader Hidden/ProbeVolume/VoxelizeScene is not supported: GPU does not support conservative rasterization
Initialize mono
Mono path[0] = 'C:/Program Files/Unity/Hub/Editor/6000.0.78f1/Editor/Data/Managed'
Mono path[1] = 'C:/Program Files/Unity/Hub/Editor/6000.0.78f1/Editor/Data/MonoBleedingEdge/lib/mono/unityjit-win32'
Mono config path = 'C:/Program Files/Unity/Hub/Editor/6000.0.78f1/Editor/Data/MonoBleedingEdge/etc'
Using monoOptions --debugger-agent=transport=dt_socket,embedding=1,server=y,suspend=n,address=127.0.0.1:56352
Using cacheserver namespaces - metadata:defaultmetadata, artifacts:defaultartifacts
Using cacheserver namespaces - metadata:defaultmetadata, artifacts:defaultartifacts
ImportWorker Server TCP listen port: 0
AcceleratorClientConnectionCallback - disconnected - :0
Begin MonoManager ReloadAssembly
Registering precompiled unity dll's ...
Register platform support module: C:/Program Files/Unity/Hub/Editor/6000.0.78f1/Editor/Data/PlaybackEngines/WindowsStandaloneSupport/UnityEditor.WindowsStandalone.Extensions.dll
[Licensing::Client] Successfully resolved entitlement details
[Licensing::Module] License group:
  Id: F4-6PTC-XYSH-39NT-VVEA-XXXX
  Product: Unity Personal
  Type: ULF
  Expiration: Unlimited
[Licensing::Module] License group:
  Id: 20067618038169-UnityPersXXXX
  Product: Unity Personal
  Type: Assigned
  Expiration: Unlimited
Register platform support module: C:/Program Files/Unity/Hub/Editor/6000.0.78f1/Editor/Data/PlaybackEngines/MetroSupport/UnityEditor.UWP.Extensions.dll
Register platform support module: C:/Program Files/Unity/Hub/Editor/6000.0.78f1/Editor/Data/PlaybackEngines/AndroidPlayer/UnityEditor.Android.Extensions.dll
Registered in 0.045275 seconds.
- Loaded All Assemblies, in  0.990 seconds
Native extension for Android target not found
Android Extension - Scanning For ADB Devices 2617 ms
Native extension for UWP target not found
Native extension for WindowsStandalone target not found
Package Manager log level set to [2]
Mono: successfully reloaded assembly
- Finished resetting the current domain, in  3.314 seconds
Domain Reload Profiling: 4286ms
	BeginReloadAssembly (362ms)
		ExecutionOrderSort (0ms)
		DisableScriptedObjects (0ms)
		BackupInstance (0ms)
		ReleaseScriptingObjects (0ms)
		CreateAndSetChildDomain (1ms)
	RebuildCommonClasses (73ms)
	RebuildNativeTypeToScriptingClass (20ms)
	initialDomainReloadingComplete (159ms)
	LoadAllAssembliesAndSetupDomain (357ms)
		LoadAssemblies (350ms)
		RebuildTransferFunctionScriptingTraits (0ms)
		AnalyzeDomain (345ms)
			TypeCache.Refresh (343ms)
				TypeCache.ScanAssembly (317ms)
			BuildScriptInfoCaches (0ms)
			ResolveRequiredComponents (1ms)
	FinalizeReload (3315ms)
		ReleaseScriptCaches (0ms)
		RebuildScriptCaches (0ms)
		SetupLoadedEditorAssemblies (3249ms)
			LogAssemblyErrors (0ms)
			InitializePlatformSupportModulesInManaged (2873ms)
			SetLoadedEditorAssemblies (5ms)
			BeforeProcessingInitializeOnLoad (84ms)
			ProcessInitializeOnLoadAttributes (172ms)
			ProcessInitializeOnLoadMethodAttributes (113ms)
			AfterProcessingInitializeOnLoad (0ms)
			EditorAssembliesLoaded (0ms)
		ExecutionOrderSort2 (0ms)
		AwakeInstancesAfterBackupRestoration (0ms)
[Licensing::Client] Successfully resolved entitlement details
[Licensing::Module] License group:
  Id: F4-6PTC-XYSH-39NT-VVEA-XXXX
  Product: Unity Personal
  Type: ULF
  Expiration: Unlimited
[Licensing::Module] License group:
  Id: 20067618038169-UnityPersXXXX
  Product: Unity Personal
  Type: Assigned
  Expiration: Unlimited
[Licensing::Client] Successfully resolved entitlement details
[Licensing::Module] License group:
  Id: F4-6PTC-XYSH-39NT-VVEA-XXXX
  Product: Unity Personal
  Type: ULF
  Expiration: Unlimited
[Licensing::Module] License group:
  Id: 20067618038169-UnityPersXXXX
  Product: Unity Personal
  Type: Assigned
  Expiration: Unlimited
Application.AssetDatabase Initial Refresh Start
[Package Manager] Restoring resolved packages state from cache
[Licensing::Client] Successfully resolved entitlement details
[Package Manager] Registered 47 packages:
  Packages from [https://packages.unity.com]:
    com.unity.ai.inference@2.6.1 (location: C:\Users\jslade\CyberEyeXR\Library\PackageCache\com.unity.ai.inference@9a123aee5df7)
    com.unity.inputsystem@1.19.0 (location: C:\Users\jslade\CyberEyeXR\Library\PackageCache\com.unity.inputsystem@21a28c3a6c83)
    com.unity.xr.arfoundation@6.0.7 (location: C:\Users\jslade\CyberEyeXR\Library\PackageCache\com.unity.xr.arfoundation@f996f0242444)
    com.unity.xr.interaction.toolkit@3.0.11 (location: C:\Users\jslade\CyberEyeXR\Library\PackageCache\com.unity.xr.interaction.toolkit@7f31b03e8dd3)
    com.unity.xr.management@4.5.4 (location: C:\Users\jslade\CyberEyeXR\Library\PackageCache\com.unity.xr.management@e3a3882b360a)
    com.unity.xr.core-utils@2.6.0 (location: C:\Users\jslade\CyberEyeXR\Library\PackageCache\com.unity.xr.core-utils@a8b900321199)
    com.unity.mathematics@1.3.2 (location: C:\Users\jslade\CyberEyeXR\Library\PackageCache\com.unity.mathematics@8017b507cc74)
    com.unity.editorcoroutines@1.1.0 (location: C:\Users\jslade\CyberEyeXR\Library\PackageCache\com.unity.editorcoroutines@87a15ed012c2)
    com.unity.burst@1.8.29 (location: C:\Users\jslade\CyberEyeXR\Library\PackageCache\com.unity.burst@6bb9aca3ef38)
    com.unity.dt.app-ui@1.3.6 (location: C:\Users\jslade\CyberEyeXR\Library\PackageCache\com.unity.dt.app-ui@3bbd9e4c5c92)
    com.unity.collections@2.6.7 (location: C:\Users\jslade\CyberEyeXR\Library\PackageCache\com.unity.collections@31e963071226)
    com.unity.nuget.newtonsoft-json@3.2.1 (location: C:\Users\jslade\CyberEyeXR\Library\PackageCache\com.unity.nuget.newtonsoft-json@74deb55db2a0)
    com.unity.xr.legacyinputhelpers@2.1.12 (location: C:\Users\jslade\CyberEyeXR\Library\PackageCache\com.unity.xr.legacyinputhelpers@b7579e86f3b4)
    com.unity.searcher@4.9.3 (location: C:\Users\jslade\CyberEyeXR\Library\PackageCache\com.unity.searcher@1e17ce91558d)
    com.unity.nuget.mono-cecil@1.11.6 (location: C:\Users\jslade\CyberEyeXR\Library\PackageCache\com.unity.nuget.mono-cecil@ecb9724e46ff)
    com.unity.test-framework.performance@3.5.0 (location: C:\Users\jslade\CyberEyeXR\Library\PackageCache\com.unity.test-framework.performance@8b56083ec0f0)
  Built-in packages:
    com.unity.render-pipelines.universal@17.0.4 (location: C:\Users\jslade\CyberEyeXR\Library\PackageCache\com.unity.render-pipelines.universal@a4f5be60db7e)
    com.unity.ugui@2.0.0 (location: C:\Users\jslade\CyberEyeXR\Library\PackageCache\com.unity.ugui@4601c9db1b9b)
    com.unity.modules.accessibility@1.0.0 (location: C:\Users\jslade\CyberEyeXR\Library\PackageCache\com.unity.modules.accessibility)
    com.unity.modules.androidjni@1.0.0 (location: C:\Users\jslade\CyberEyeXR\Library\PackageCache\com.unity.modules.androidjni)
    com.unity.modules.animation@1.0.0 (location: C:\Users\jslade\CyberEyeXR\Library\PackageCache\com.unity.modules.animation)
    com.unity.modules.assetbundle@1.0.0 (location: C:\Users\jslade\CyberEyeXR\Library\PackageCache\com.unity.modules.assetbundle)
    com.unity.modules.audio@1.0.0 (location: C:\Users\jslade\CyberEyeXR\Library\PackageCache\com.unity.modules.audio)
    com.unity.modules.imageconversion@1.0.0 (location: C:\Users\jslade\CyberEyeXR\Library\PackageCache\com.unity.modules.imageconversion)
    com.unity.modules.imgui@1.0.0 (location: C:\Users\jslade\CyberEyeXR\Library\PackageCache\com.unity.modules.imgui)
    com.unity.modules.jsonserialize@1.0.0 (location: C:\Users\jslade\CyberEyeXR\Library\PackageCache\com.unity.modules.jsonserialize)
    com.unity.modules.particlesystem@1.0.0 (location: C:\Users\jslade\CyberEyeXR\Library\PackageCache\com.unity.modules.particlesystem)
    com.unity.modules.physics@1.0.0 (location: C:\Users\jslade\CyberEyeXR\Library\PackageCache\com.unity.modules.physics)
    com.unity.modules.screencapture@1.0.0 (location: C:\Users\jslade\CyberEyeXR\Library\PackageCache\com.unity.modules.screencapture)
    com.unity.modules.ui@1.0.0 (location: C:\Users\jslade\CyberEyeXR\Library\PackageCache\com.unity.modules.ui)
    com.unity.modules.uielements@1.0.0 (location: C:\Users\jslade\CyberEyeXR\Library\PackageCache\com.unity.modules.uielements)
    com.unity.modules.unitywebrequest@1.0.0 (location: C:\Users\jslade\CyberEyeXR\Library\PackageCache\com.unity.modules.unitywebrequest)
    com.unity.modules.unitywebrequesttexture@1.0.0 (location: C:\Users\jslade\CyberEyeXR\Library\PackageCache\com.unity.modules.unitywebrequesttexture)
    com.unity.modules.video@1.0.0 (location: C:\Users\jslade\CyberEyeXR\Library\PackageCache\com.unity.modules.video)
    com.unity.modules.xr@1.0.0 (location: C:\Users\jslade\CyberEyeXR\Library\PackageCache\com.unity.modules.xr)
    com.unity.modules.subsystems@1.0.0 (location: C:\Users\jslade\CyberEyeXR\Library\PackageCache\com.unity.modules.subsystems)
    com.unity.modules.hierarchycore@1.0.0 (location: C:\Users\jslade\CyberEyeXR\Library\PackageCache\com.unity.modules.hierarchycore)
    com.unity.modules.unityanalytics@1.0.0 (location: C:\Users\jslade\CyberEyeXR\Library\PackageCache\com.unity.modules.unityanalytics)
    com.unity.render-pipelines.core@17.0.4 (location: C:\Users\jslade\CyberEyeXR\Library\PackageCache\com.unity.render-pipelines.core@ae070e0972dd)
    com.unity.shadergraph@17.0.4 (location: C:\Users\jslade\CyberEyeXR\Library\PackageCache\com.unity.shadergraph@89df6040bb1d)
    com.unity.render-pipelines.universal-config@17.0.3 (location: C:\Users\jslade\CyberEyeXR\Library\PackageCache\com.unity.render-pipelines.universal-config@dd206bf35d04)
    com.unity.modules.terrain@1.0.0 (location: C:\Users\jslade\CyberEyeXR\Library\PackageCache\com.unity.modules.terrain)
    com.unity.rendering.light-transport@1.0.1 (location: C:\Users\jslade\CyberEyeXR\Library\PackageCache\com.unity.rendering.light-transport@9bd588f963c0)
    com.unity.test-framework@1.6.0 (location: C:\Users\jslade\CyberEyeXR\Library\PackageCache\com.unity.test-framework@082c24152fd4)
    com.unity.modules.vr@1.0.0 (location: C:\Users\jslade\CyberEyeXR\Library\PackageCache\com.unity.modules.vr)
    com.unity.ext.nunit@2.0.5 (location: C:\Users\jslade\CyberEyeXR\Library\PackageCache\com.unity.ext.nunit@031a54704bff)
  Local packages:
    com.xreal.xr@file:C:\Users\jslade\CyberEyeXR\LocalPackages\com.xreal.xr-src (location: C:\Users\jslade\CyberEyeXR\LocalPackages\com.xreal.xr-src)
[Subsystems] Looking for new subsystems at path C:\Users\jslade\CyberEyeXR\Library\PackageCache\com.unity.xr.arfoundation@f996f0242444
[Subsystems] Novel subsystem found at Library/PackageCache/com.unity.xr.arfoundation@f996f0242444/Runtime/UnitySubsystemsManifest.json
[Subsystems] Discovering subsystems at path C:/Program Files/Unity/Hub/Editor/6000.0.78f1/Editor/Data/Resources/UnitySubsystems
[Subsystems] Discovering subsystems at path C:/Users/jslade/CyberEyeXR/Assets
[Subsystems] Discovering subsystems at path C:\Users\jslade\CyberEyeXR\Library\PackageCache\com.unity.xr.arfoundation@f996f0242444
[Subsystems] No descriptors matched for  examples in Library/PackageCache/com.unity.xr.arfoundation@f996f0242444/Runtime/UnitySubsystemsManifest.json.
[Subsystems] 1 'inputs' descriptors matched in Library/PackageCache/com.unity.xr.arfoundation@f996f0242444/Runtime/UnitySubsystemsManifest.json
[Subsystems] No descriptors matched for  displays in Library/PackageCache/com.unity.xr.arfoundation@f996f0242444/Runtime/UnitySubsystemsManifest.json.
[Subsystems] 1 'meshings' descriptors matched in Library/PackageCache/com.unity.xr.arfoundation@f996f0242444/Runtime/UnitySubsystemsManifest.json
[Subsystems] Discovering subsystems at path C:\Users\jslade\CyberEyeXR\LocalPackages\com.xreal.xr-src
[Subsystems] No descriptors matched for  examples in LocalPackages/com.xreal.xr-src/Runtime/UnitySubsystemsManifest.json.
[Subsystems] 1 'inputs' descriptors matched in LocalPackages/com.xreal.xr-src/Runtime/UnitySubsystemsManifest.json
[Subsystems] 1 'displays' descriptors matched in LocalPackages/com.xreal.xr-src/Runtime/UnitySubsystemsManifest.json
[Subsystems] 1 'meshings' descriptors matched in LocalPackages/com.xreal.xr-src/Runtime/UnitySubsystemsManifest.json
[Package Manager] Done registering packages in 0.17 seconds
info: Microsoft.Hosting.Lifetime[14]
      Now listening on: http://localhost:80
info: Microsoft.Hosting.Lifetime[0]
      Application started. Press Ctrl+C to shut down.
info: Microsoft.Hosting.Lifetime[0]
      Hosting environment: Production
info: Microsoft.Hosting.Lifetime[0]
      Content root path: C:\Users\jslade\CyberEyeXR\
info: Microsoft.AspNetCore.Hosting.Diagnostics[1]
      Request starting HTTP/2 POST http://ilpp/UnityILPP.PostProcessing/Ping application/grpc -
info: Microsoft.AspNetCore.Routing.EndpointMiddleware[0]
      Executing endpoint 'gRPC - /UnityILPP.PostProcessing/Ping'
info: Microsoft.AspNetCore.Routing.EndpointMiddleware[1]
      Executed endpoint 'gRPC - /UnityILPP.PostProcessing/Ping'
info: Microsoft.AspNetCore.Hosting.Diagnostics[2]
      Request finished HTTP/2 POST http://ilpp/UnityILPP.PostProcessing/Ping application/grpc - - 200 - application/grpc 85.0205ms
Starting: C:\Program Files\Unity\Hub\Editor\6000.0.78f1\Editor\Data\bee_backend.exe --ipc --defer-dag-verification --dagfile="Library/Bee/1300b0aE.dag" --continue-on-failure --profile="Library/Bee/backend1.traceevents" ScriptAssemblies
WorkingDir: C:/Users/jslade/CyberEyeXR
DisplayProgressbar: Compiling Scripts
info: Microsoft.AspNetCore.Hosting.Diagnostics[1]
      Request starting HTTP/2 POST http://ilpp/UnityILPP.PostProcessing/ConfigurePostProcessors application/grpc -
info: Microsoft.AspNetCore.Routing.EndpointMiddleware[0]
      Executing endpoint 'gRPC - /UnityILPP.PostProcessing/ConfigurePostProcessors'
warn: Unity.ILPP.Runner.PostProcessingAssemblyLoadContext[0]
      Assembly system.runtime.interopservices.windowsruntime has duplicate hint path. Ignoring "C:\Program Files\Unity\Hub\Editor\6000.0.78f1\Editor\Data\UnityReferenceAssemblies\unity-4.8-api\Facades\System.Runtime.InteropServices.WindowsRuntime.dll" in favor of "C:\Program Files\Unity\Hub\Editor\6000.0.78f1\Editor\Data\NetStandard\Extensions\2.0.0\System.Runtime.InteropServices.WindowsRuntime.dll"
warn: Unity.ILPP.Runner.PostProcessingAssemblyLoadContext[0]
      Assembly system.componentmodel.composition has duplicate hint path. Ignoring "C:\Program Files\Unity\Hub\Editor\6000.0.78f1\Editor\Data\UnityReferenceAssemblies\unity-4.8-api\System.ComponentModel.Composition.dll" in favor of "C:\Program Files\Unity\Hub\Editor\6000.0.78f1\Editor\Data\NetStandard\compat\2.1.0\shims\netfx\System.ComponentModel.Composition.dll"
info: Unity.ILPP.Runner.PostProcessingAssemblyLoadContext[0]
      Resolved Unity.Burst.Cecil, Version=0.11.6.0, Culture=neutral, PublicKeyToken=50cebf1cceb9d05e with Library\PackageCache\com.unity.burst@6bb9aca3ef38\Unity.Burst.CodeGen\Unity.Burst.Cecil.dll
info: Unity.ILPP.Runner.PostProcessingAssemblyLoadContext[0]
      Resolved Mono.Cecil, Version=0.11.5.0, Culture=neutral, PublicKeyToken=50cebf1cceb9d05e with Library\PackageCache\com.unity.nuget.mono-cecil@ecb9724e46ff\Mono.Cecil.dll
info: Microsoft.AspNetCore.Routing.EndpointMiddleware[1]
      Executed endpoint 'gRPC - /UnityILPP.PostProcessing/ConfigurePostProcessors'
info: Microsoft.AspNetCore.Hosting.Diagnostics[2]
      Request finished HTTP/2 POST http://ilpp/UnityILPP.PostProcessing/ConfigurePostProcessors application/grpc - - 200 - application/grpc 213.8357ms
ExitCode: 0 Duration: 2s1ms
[ 290/1022  0s] WriteResponseFile Library/Bee/artifacts/rsp/4747638433968585886.rsp
[ 787/1022  0s] ILPP-Configuration Library/ilpp-configuration.nevergeneratedoutput
*** Tundra build success (1.90 seconds), 2 items updated, 1022 evaluated
AssetDatabase: script compilation time: 3.210054s
Begin MonoManager ReloadAssembly
Symbol file LoadedFromMemory is not a mono symbol file
Symbol file LoadedFromMemory is not a mono symbol file
- Loaded All Assemblies, in  2.447 seconds
Refreshing native plugins compatible for Editor in 17.78 ms, found 2 plugins.
Native extension for Android target not found
Native extension for UWP target not found
Native extension for WindowsStandalone target not found
Mono: successfully reloaded assembly
- Finished resetting the current domain, in  5.532 seconds
Domain Reload Profiling: 7935ms
	BeginReloadAssembly (570ms)
		ExecutionOrderSort (0ms)
		DisableScriptedObjects (25ms)
		BackupInstance (0ms)
		ReleaseScriptingObjects (0ms)
		CreateAndSetChildDomain (164ms)
	RebuildCommonClasses (93ms)
	RebuildNativeTypeToScriptingClass (24ms)
	initialDomainReloadingComplete (103ms)
	LoadAllAssembliesAndSetupDomain (1612ms)
		LoadAssemblies (1331ms)
		RebuildTransferFunctionScriptingTraits (0ms)
		AnalyzeDomain (562ms)
			TypeCache.Refresh (438ms)
				TypeCache.ScanAssembly (411ms)
			BuildScriptInfoCaches (94ms)
			ResolveRequiredComponents (24ms)
	FinalizeReload (5533ms)
		ReleaseScriptCaches (0ms)
		RebuildScriptCaches (0ms)
		SetupLoadedEditorAssemblies (5167ms)
			LogAssemblyErrors (0ms)
			InitializePlatformSupportModulesInManaged (54ms)
			SetLoadedEditorAssemblies (7ms)
			BeforeProcessingInitializeOnLoad (414ms)
			ProcessInitializeOnLoadAttributes (4030ms)
			ProcessInitializeOnLoadMethodAttributes (615ms)
			AfterProcessingInitializeOnLoad (46ms)
			EditorAssembliesLoaded (1ms)
		ExecutionOrderSort2 (0ms)
		AwakeInstancesAfterBackupRestoration (19ms)
Asset Pipeline Refresh (id=30af845ce2444b744a3e9089b6fd22d0): Total: 13.659 seconds - Initiated by InitialRefreshV2(ForceSynchronousImport)
	Summary:
		Imports: total=0 (actual=0, local cache=0, cache server=0)
		Asset DB Process Time: managed=0 ms, native=7498 ms
		Asset DB Callback time: managed=75 ms, native=179 ms
		Scripting: domain reloads=1, domain reload time=2448 ms, compile time=3213 ms, other=243 ms
		Project Asset Count: scripts=1361, non-scripts=2354
		Asset File Changes: new=0, changed=0, moved=0, deleted=0
		Scan Filter Count: 0
	InvokeCustomDependenciesCallbacks: 0.001ms
	InvokePackagesCallback: 187.919ms
	ApplyChangesToAssetFolders: 2.674ms
	Scan: 827.540ms
	OnSourceAssetsModified: 0.011ms
	CategorizeAssetsWithTransientArtifact: 200.055ms
	ProcessAssetsWithTransientArtifactChanges: 152.828ms
	CategorizeAssets: 116.431ms
	ImportOutOfDateAssets: 5602.636ms (2385.396ms without children)
		CompileScripts: 3212.531ms
		ReloadNativeAssets: 0.045ms
		UnloadImportedAssets: 2.420ms
		EnsureUptoDateAssetsAreRegisteredWithGuidPM: 1.286ms
		InitializingProgressBar: 0.001ms
		PostProcessAllAssetNotificationsAddChangedAssets: 0.001ms
		OnDemandSchedulerStart: 0.956ms
	PostProcessAllAssets: 75.154ms
	GatherAllCurrentPrimaryArtifactRevisions: 0.010ms
	UnloadStreamsBegin: 6.232ms
	PersistCurrentRevisions: 0.246ms
	UnloadStreamsEnd: 0.002ms
	GenerateScriptTypeHashes: 10.093ms
	Untracked: 6486.950ms

Application.AssetDatabase Initial Refresh End
Scanning for USB devices : 2.570ms
Initializing Unity extensions:
[MODES] ModeService[none].Initialize
[MODES] ModeService[none].LoadModes
[MODES] Loading mode Default (0) for mode-current-id-CyberEye
Unloading 66 Unused Serialized files (Serialized files now loaded: 0)
Unloading 6319 unused Assets / (6.9 MB). Loaded Objects now: 7069.
Memory consumption went from 197.6 MB to 190.6 MB.
Total: 17.316300 ms (FindLiveObjects: 1.005100 ms CreateObjectMapping: 1.638700 ms MarkObjects: 8.078700 ms  DeleteObjects: 6.591900 ms)

Unloading 2 Unused Serialized files (Serialized files now loaded: 0)
Unloading 0 unused Assets / (40.3 KB). Loaded Objects now: 7077.
Memory consumption went from 182.2 MB to 182.2 MB.
Total: 9.340500 ms (FindLiveObjects: 0.484900 ms CreateObjectMapping: 0.369400 ms MarkObjects: 8.462800 ms  DeleteObjects: 0.021700 ms)

[CYBEREYE-SCENE] AR Session menu=True, XR Origin (Mobile AR) menu=True
UnityEngine.Debug:ExtractStackTraceNoAlloc (byte*,int,string)
UnityEngine.StackTraceUtility:ExtractStackTrace ()
UnityEngine.DebugLogHandler:Internal_Log (UnityEngine.LogType,UnityEngine.LogOption,string,UnityEngine.Object)
UnityEngine.DebugLogHandler:LogFormat (UnityEngine.LogType,UnityEngine.Object,string,object[])
UnityEngine.Logger:Log (UnityEngine.LogType,object)
UnityEngine.Debug:Log (object)
SceneBuilder:BuildMainScene () (at Assets/Editor/SceneBuilder.cs:23)

(Filename: Assets/Editor/SceneBuilder.cs Line: 23)

Start importing Assets/CyberEye/Fonts/ShareTechMono SDF.asset using Guid(c41c45858c61b6e4eaade095d00c7e35) (NativeFormatImporter) -> (artifact id: '8f45316235b10ca340ebb53fccc091d5') in 0.015076 seconds
Refreshing native plugins compatible for Editor in 17.96 ms, found 2 plugins.
Preloading 1 native plugins for Editor in 1.62 ms.
Asset Pipeline Refresh (id=d3da9e22aa2a37b40b624d201644e4ea): Total: 0.468 seconds - Initiated by StopAssetImportingV2(NoUpdateAssetOptions)
	Summary:
		Imports: total=1 (actual=1, local cache=0, cache server=0)
		Asset DB Process Time: managed=3 ms, native=148 ms
		Asset DB Callback time: managed=213 ms, native=102 ms
		Scripting: domain reloads=0, domain reload time=0 ms, compile time=0 ms, other=0 ms
		Project Asset Count: scripts=1361, non-scripts=2355
		Asset File Changes: new=1, changed=1, moved=0, deleted=0
		Scan Filter Count: 4
	InvokeCustomDependenciesCallbacks: 0.001ms
	InvokePackagesCallback: 0.001ms
	ApplyChangesToAssetFolders: 0.227ms
	Scan: 54.943ms
	OnSourceAssetsModified: 1.022ms
	CategorizeAssetsWithTransientArtifact: 0.010ms
	ProcessAssetsWithTransientArtifactChanges: 0.168ms
	CategorizeAssets: 49.998ms
	ImportOutOfDateAssets: 20.673ms (1.263ms without children)
		ImportManagerImport: 17.775ms (1.469ms without children)
			ImportInProcess: 16.279ms
			UpdateCategorizedAssets: 0.027ms
		ReloadNativeAssets: 0.043ms
		UnloadImportedAssets: 0.261ms
		ReloadImportedAssets: 0.000ms
		EnsureUptoDateAssetsAreRegisteredWithGuidPM: 0.538ms
		InitializingProgressBar: 0.006ms
		PostProcessAllAssetNotificationsAddChangedAssets: 0.001ms
		OnDemandSchedulerStart: 0.786ms
	PostProcessAllAssets: 239.210ms
	Hotreload: 75.862ms
	GatherAllCurrentPrimaryArtifactRevisions: 0.378ms
	UnloadStreamsBegin: 0.105ms
	PersistCurrentRevisions: 0.282ms
	UnloadStreamsEnd: 0.001ms
	Untracked: 25.255ms

Start importing ProjectSettings/EditorBuildSettings.asset using Guid(0000000000000000b000000000000000) (LibraryAssetImporter) -> (artifact id: '43feb76f49a1e7499d357303a3ffc198') in 0.0081418 seconds
Start importing Assets/CyberEye/Fonts/ShareTechMono SDF.asset using Guid(c41c45858c61b6e4eaade095d00c7e35) (NativeFormatImporter) -> (artifact id: '202a777fd9e26b5ddb99f37d4c4e8dae') in 0.0051137 seconds
Refreshing native plugins compatible for Editor in 22.48 ms, found 2 plugins.
Preloading 1 native plugins for Editor in 0.29 ms.
Asset Pipeline Refresh (id=5c9f2c10a1a22d74bae6a0e4954df7fb): Total: 0.119 seconds - Initiated by StopAssetImportingV2(NoUpdateAssetOptions)
[CYBEREYE-SCENE] created Assets/CyberEye/Fonts/ShareTechMono SDF.asset
UnityEngine.Debug:ExtractStackTraceNoAlloc (byte*,int,string)
UnityEngine.StackTraceUtility:ExtractStackTrace ()
UnityEngine.DebugLogHandler:Internal_Log (UnityEngine.LogType,UnityEngine.LogOption,string,UnityEngine.Object)
UnityEngine.DebugLogHandler:LogFormat (UnityEngine.LogType,UnityEngine.Object,string,object[])
UnityEngine.Logger:Log (UnityEngine.LogType,object)
UnityEngine.Debug:Log (object)
SceneBuilder:EnsureCyberTmpFont (UnityEngine.Font) (at Assets/Editor/SceneBuilder.cs:148)
SceneBuilder:BuildMainScene () (at Assets/Editor/SceneBuilder.cs:49)

(Filename: Assets/Editor/SceneBuilder.cs Line: 148)

Start importing Assets/TextMesh Pro/Resources/TMP Settings.asset using Guid(3f5b5dff67a942289a9defa416b206f3) (NativeFormatImporter) -> (artifact id: '35d7cc370564c5786c453b091b5f6819') in 0.0056192 seconds
Refreshing native plugins compatible for Editor in 19.07 ms, found 2 plugins.
Preloading 1 native plugins for Editor in 0.23 ms.
Asset Pipeline Refresh (id=c8aa975ab4357fd4b85e7d32e38d42f7): Total: 0.099 seconds - Initiated by StopAssetImportingV2(NoUpdateAssetOptions)
[CYBEREYE-SCENE] TMP default font -> ShareTechMono SDF
UnityEngine.Debug:ExtractStackTraceNoAlloc (byte*,int,string)
UnityEngine.StackTraceUtility:ExtractStackTrace ()
UnityEngine.DebugLogHandler:Internal_Log (UnityEngine.LogType,UnityEngine.LogOption,string,UnityEngine.Object)
UnityEngine.DebugLogHandler:LogFormat (UnityEngine.LogType,UnityEngine.Object,string,object[])
UnityEngine.Logger:Log (UnityEngine.LogType,object)
UnityEngine.Debug:Log (object)
SceneBuilder:ApplyDefaultTmpFont (TMPro.TMP_FontAsset) (at Assets/Editor/SceneBuilder.cs:166)
SceneBuilder:BuildMainScene () (at Assets/Editor/SceneBuilder.cs:50)

(Filename: Assets/Editor/SceneBuilder.cs Line: 166)

Start importing Assets/Scenes/Main.unity using Guid(65afb3b5c6e3c5f4da9e9957fa9b3cd8) (DefaultImporter) -> (artifact id: 'b0a2819fa88124b36dc8f58132e9587f') in 0.0019427 seconds
Refreshing native plugins compatible for Editor in 22.07 ms, found 2 plugins.
Preloading 1 native plugins for Editor in 0.25 ms.
Asset Pipeline Refresh (id=1365e7ec63f2f2c42baceceee52f1c87): Total: 0.102 seconds - Initiated by StopAssetImportingV2(NoUpdateAssetOptions)
[CYBEREYE-SCENE] saved Assets/Scenes/Main.unity as build scene 0 (camera=Main Camera)
UnityEngine.Debug:ExtractStackTraceNoAlloc (byte*,int,string)
UnityEngine.StackTraceUtility:ExtractStackTrace ()
UnityEngine.DebugLogHandler:Internal_Log (UnityEngine.LogType,UnityEngine.LogOption,string,UnityEngine.Object)
UnityEngine.DebugLogHandler:LogFormat (UnityEngine.LogType,UnityEngine.Object,string,object[])
UnityEngine.Logger:Log (UnityEngine.LogType,object)
UnityEngine.Debug:Log (object)
SceneBuilder:BuildMainScene () (at Assets/Editor/SceneBuilder.cs:118)

(Filename: Assets/Editor/SceneBuilder.cs Line: 118)

Killing ADB server in 0.1211608 seconds.
[Physics::Module] Cleanup current backned.
[Physics::Module] Id: 0xf2b8ea05
Input System module state changed to: ShutdownInProgress.
Input System polling thread exited.
Input System module state changed to: Shutdown.
[Licensing::IpcConnector] LicenseClient-jslade-notifications channel disconnected successfully.
[Licensing::IpcConnector] LicenseClient-jslade channel disconnected successfully.
AcceleratorClientConnectionCallback - disconnected - :0
Shut down.
Cleanup mono
abort_threads: Failed aborting id: 000000000000862C, mono_thread_manage will ignore it

abort_threads: Failed aborting id: 0000000000007470, mono_thread_manage will ignore it

abort_threads: Failed aborting id: 000000000000862C, mono_thread_manage will ignore it

abort_threads: Failed aborting id: 0000000000007470, mono_thread_manage will ignore it

debugger-agent: Unable to listen on 3252
Checking for leaked weakptr:
  Found no leaked weakptrs.
[Package Manager] Server process was shutdown
##utp:{"type":"MemoryLeaks","version":2,"phase":"Immediate","time":1783657699525,"processId":32352,"allocatedMemory":14333128,"memoryLabels":[{"Default":28597},{"Permanent":15356},{"NewDelete":70841},{"Thread":4230384},{"Manager":24482},{"VertexData":8},{"Geometry":816},{"VFX":-104},{"Texture":160},{"Shader":78795},{"Material":24},{"GfxDevice":55784},{"Animation":392},{"Audio":4040},{"FontEngine":256},{"Physics":2081},{"Serialization":688},{"Input":14824},{"JobScheduler":33024},{"TextLib":160},{"Mono":32},{"MonoCode":64},{"ScriptingNativeRuntime":155060},{"BaseObject":1620240},{"Resource":1304},{"Renderer":2928},{"Transform":4646},{"File":6858},{"WebCam":616},{"Culling":32},{"Terrain":11394},{"Wind":24},{"STL":40},{"String":12580},{"DynamicArray":118871},{"HashMap":78673},{"Utility":2659534},{"Curl":48},{"PoolAlloc":2440},{"AI":104},{"TypeTree":5005},{"ScriptManager":512},{"RuntimeInitializeOnLoadManager":64},{"SpriteAtlas":112},{"GI":7888},{"Director":8240},{"CloudService":8208},{"WebRequest":845},{"VR":46257},{"SceneManager":496},{"Video":64},{"LazyScriptCache":32},{"Camera":17},{"Secure":265},{"SerializationCache":1576},{"APIUpdating":10320},{"Subsystems":48},{"VirtualTexturing":57888},{"StaticSafetyDebugInfo":278528},{"Analytics":384},{"Hierarchy":272},{"CoreStats":12536},{"Identifiers":6192},{"Gui":80},{"EditorUtility":61706},{"VersionControl":4},{"Undo":947},{"AssetDatabase":4547791},{"EditorGi":328},{"UnityConnect":24184},{"Upm":2036},{"DrivenProperties":72},{"LocalIPC":212},{"ProfilerEditor":9746},{"CoreBusinessMetrics":2881},{"Licensing":1232},{"AssetReference":32},{"IPCStream":32}]}
